// Jest Snapshot v1, https://goo.gl/fbAQLP

exports[`FieldInput.test.js renders as expected 1`] = `
<div
  className="form-group"
>
  <label
    htmlFor="name"
  >
    Label
  </label>
  <div
    className="field"
  >
    <input
      className="form-control"
      name="name"
      onChange={[MockFunction]}
      placeholder="Placeholder..."
      type="text"
    />
  </div>
</div>
`;
